# Testing comparison between different types of integers


    -2 < -2 : No
    -2 < -1 : Yes
    -2 < 0 : Yes
    -2 < 1 : Yes
    -2 < 2 : Yes
    -1 < -2 : No
    -1 < -1 : No
    -1 < 0 : Yes
    -1 < 1 : Yes
    -1 < 2 : Yes
    0 < -2 : No
    0 < -1 : No
    0 < 0 : No
    0 < 1 : Yes
    0 < 2 : Yes
    1 < -2 : No
    1 < -1 : No
    1 < 0 : No
    1 < 1 : No
    1 < 2 : Yes
    2 < -2 : No
    2 < -1 : No
    2 < 0 : No
    2 < 1 : No
    2 < 2 : No

    -2 <= -2 : Yes
    -2 <= -1 : Yes
    -2 <= 0 : Yes
    -2 <= 1 : Yes
    -2 <= 2 : Yes
    -1 <= -2 : No
    -1 <= -1 : Yes
    -1 <= 0 : Yes
    -1 <= 1 : Yes
    -1 <= 2 : Yes
    0 <= -2 : No
    0 <= -1 : No
    0 <= 0 : Yes
    0 <= 1 : Yes
    0 <= 2 : Yes
    1 <= -2 : No
    1 <= -1 : No
    1 <= 0 : No
    1 <= 1 : Yes
    1 <= 2 : Yes
    2 <= -2 : No
    2 <= -1 : No
    2 <= 0 : No
    2 <= 1 : No
    2 <= 2 : Yes

    -2 == -2 : Yes
    -2 == -1 : No
    -2 == 0 : No
    -2 == 1 : No
    -2 == 2 : No
    -1 == -2 : No
    -1 == -1 : Yes
    -1 == 0 : No
    -1 == 1 : No
    -1 == 2 : No
    0 == -2 : No
    0 == -1 : No
    0 == 0 : Yes
    0 == 1 : No
    0 == 2 : No
    1 == -2 : No
    1 == -1 : No
    1 == 0 : No
    1 == 1 : Yes
    1 == 2 : No
    2 == -2 : No
    2 == -1 : No
    2 == 0 : No
    2 == 1 : No
    2 == 2 : Yes

    -2 > -2 : No
    -2 > -1 : No
    -2 > 0 : No
    -2 > 1 : No
    -2 > 2 : No
    -1 > -2 : Yes
    -1 > -1 : No
    -1 > 0 : No
    -1 > 1 : No
    -1 > 2 : No
    0 > -2 : Yes
    0 > -1 : Yes
    0 > 0 : No
    0 > 1 : No
    0 > 2 : No
    1 > -2 : Yes
    1 > -1 : Yes
    1 > 0 : Yes
    1 > 1 : No
    1 > 2 : No
    2 > -2 : Yes
    2 > -1 : Yes
    2 > 0 : Yes
    2 > 1 : Yes
    2 > 2 : No

    -2 >= -2 : Yes
    -2 >= -1 : No
    -2 >= 0 : No
    -2 >= 1 : No
    -2 >= 2 : No
    -1 >= -2 : Yes
    -1 >= -1 : Yes
    -1 >= 0 : No
    -1 >= 1 : No
    -1 >= 2 : No
    0 >= -2 : Yes
    0 >= -1 : Yes
    0 >= 0 : Yes
    0 >= 1 : No
    0 >= 2 : No
    1 >= -2 : Yes
    1 >= -1 : Yes
    1 >= 0 : Yes
    1 >= 1 : Yes
    1 >= 2 : No
    2 >= -2 : Yes
    2 >= -1 : Yes
    2 >= 0 : Yes
    2 >= 1 : Yes
    2 >= 2 : Yes

    -2 != -2 : No
    -2 != -1 : Yes
    -2 != 0 : Yes
    -2 != 1 : Yes
    -2 != 2 : Yes
    -1 != -2 : Yes
    -1 != -1 : No
    -1 != 0 : Yes
    -1 != 1 : Yes
    -1 != 2 : Yes
    0 != -2 : Yes
    0 != -1 : Yes
    0 != 0 : No
    0 != 1 : Yes
    0 != 2 : Yes
    1 != -2 : Yes
    1 != -1 : Yes
    1 != 0 : Yes
    1 != 1 : No
    1 != 2 : Yes
    2 != -2 : Yes
    2 != -1 : Yes
    2 != 0 : Yes
    2 != 1 : Yes
    2 != 2 : No

