use an object that is null:
we should see a 1 line warning that the object is null.  Possibly same message as "NotInContext" below
<!-- Attempt to access nonexistent variable $NullObject -->

use an object that is not null:
we should see:  Eric Ridge
Eric Ridge

use an object that *does* exist in the context, but who's toString() method returns null:
we should see a 1 line warning that although the object exists, it's value is null
<!-- Attempt to evaluate null variable $TestObject2 -->

use an object not in the Context:
we should see a 1 line warning that the object is not in the context. 
<!-- Attempt to access nonexistent variable $NotInContext -->

use known-good methods of TestObject:
we should see:
   Eric == Eric
   Ridge == Ridge
Eric == Eric
Ridge == Ridge

use a method that doesn't exist in as a sub-property:
we should see a 1 line warning that TestObject.FirstName.NotThere is a method that doesn't exist
<!-- No public property NotThere on variable $TestObject.FirstName of class java.lang.String -->

use method of TestObject that returns null:
we should see a 1 line warning that the method call returned null
<!-- Attempt to evaluate null variable $TestObject.returnNull() -->

use void method of TestObject:
we shouldn't see anything here.


use a method that doesn't exist in TestObject:
we should see a 1 line warning that TestObject doesn't contain a method named ThisMethodDoesNotExist
<!-- No public method ThisMethodDoesNotExist() on variable $TestObject of class TestTemplate$TestObject -->
